// Jest Snapshot v1, https://goo.gl/fbAQLP

exports[`BounceyLoader matches snapshot 1`] = `
<div
  className="sc-bdVaJa ksVdhP"
  height={20}
  width={20}
>
  <span />
  <span />
  <span />
</div>
`;
