// Jest Snapshot v1, https://goo.gl/fbAQLP

exports[`JamminLoader matches snapshot 1`] = `
<div
  className="sc-bdVaJa chIMfg"
>
  <ul>
    <li />
    <li />
    <li />
    <li />
    <li />
    <li />
  </ul>
</div>
`;
