// Jest Snapshot v1, https://goo.gl/fbAQLP

exports[`PulseLoader matches snapshot 1`] = `
<div
  className="sc-bdVaJa cNGzqq"
  height={100}
  width={100}
/>
`;
